NEEDRESTART-VER: 3.6
NEEDRESTART-PID: at-spi-bus-laun=2031
NEEDRESTART-PID: at-spi2-registr=2073
NEEDRESTART-PID: dbus-daemon=1754,2037
