atemu    seat0        2023-10-21 20:06 (login screen)
atemu    :0           2023-10-21 20:06 (:0)
atemu    pts/8        2023-10-23 18:27
